\BOOKMARK [1][-]{section.1}{\376\377\000I\000n\000t\000r\000o\000d\000u\000\347\000\343\000o}{}% 1
\BOOKMARK [1][-]{section.2}{\376\377\000D\000e\000s\000e\000n\000h\000o\000\040\000d\000o\000\040\000L\000N\000A\000\040\000c\000o\000m\000\040\000u\000m\000\040\000t\000r\000a\000n\000s\000i\000s\000t\000o\000r\000\040\000B\000F\000P\0004\0002\0000}{}% 2
\BOOKMARK [2][-]{subsection.2.1}{\376\377\000T\000r\000a\000n\000s\000i\000s\000t\000o\000r\000\040\000B\000i\000a\000s\000\040\000n\000e\000t\000w\000o\000r\000k}{section.2}% 3
\BOOKMARK [2][-]{subsection.2.2}{\376\377\000I\000m\000p\000l\000e\000m\000e\000n\000t\000a\000\347\000\343\000o\000\040\000e\000m\000\040\000L\000T\000s\000p\000i\000c\000e\000\040\000e\000\040\000o\000b\000t\000e\000n\000\347\000\343\000o\000\040\000d\000o\000s\000\040\000p\000a\000r\000\342\000m\000e\000t\000r\000o\000s\000\040\000S\000\040\000d\000o\000\040\000t\000r\000a\000n\000s\000i\000s\000t\000o\000r}{section.2}% 4
\BOOKMARK [2][-]{subsection.2.3}{\376\377\000A\000n\000\341\000l\000i\000s\000e\000\040\000d\000o\000s\000\040\000c\000o\000e\000f\000i\000c\000i\000e\000n\000t\000e\000s\000\040\000d\000e\000\040\000r\000e\000f\000l\000e\000x\000\343\000o\000\040\000e\000m\000\040\000A\000p\000p\000C\000A\000D}{section.2}% 5
\BOOKMARK [2][-]{subsection.2.4}{\376\377\000A\000d\000a\000p\000t\000a\000\347\000\343\000o\000\040\000d\000o\000\040\000c\000i\000r\000c\000u\000i\000t\000o\000\040\000n\000o\000\040\000L\000T\000s\000p\000i\000c\000e}{section.2}% 6
\BOOKMARK [3][-]{subsubsection.2.4.1}{\376\377\000A\000d\000a\000p\000t\000a\000\347\000\343\000o\000\040\000d\000o\000\040\000c\000i\000r\000c\000u\000i\000t\000o\000\040\000n\000o\000\040\000L\000T\000s\000p\000i\000c\000e\000\040\000u\000s\000a\000n\000d\000o\000\040\000C\000o\000n\000d\000e\000n\000s\000a\000d\000o\000r\000e\000s\000\040\000e\000\040\000B\000o\000b\000i\000n\000a\000s}{subsection.2.4}% 7
\BOOKMARK [3][-]{subsubsection.2.4.2}{\376\377\000A\000d\000a\000p\000t\000a\000\347\000\343\000o\000\040\000d\000o\000\040\000c\000i\000r\000c\000u\000i\000t\000o\000\040\000n\000o\000\040\000L\000T\000s\000p\000i\000c\000e\000\040\000u\000s\000a\000n\000d\000o\000\040\000L\000i\000n\000h\000a\000s\000\040\000e\000\040\000S\000t\000u\000b\000s}{subsection.2.4}% 8
\BOOKMARK [2][-]{subsection.2.5}{\376\377\000I\000m\000p\000l\000e\000m\000e\000n\000t\000a\000\347\000\343\000o\000\040\000n\000o\000\040\000C\000a\000d\000e\000n\000c\000e\000\040\000e\000\040\000o\000b\000t\000e\000n\000\347\000\343\000o\000\040\000d\000o\000s\000\040\000p\000a\000r\000\342\000m\000e\000t\000r\000o\000s\000\040\000S\000\040\000d\000o\000\040\000c\000i\000r\000c\000u\000i\000t\000o\000\040\000r\000e\000a\000l}{section.2}% 9
\BOOKMARK [2][-]{subsection.2.6}{\376\377\000A\000d\000a\000p\000t\000a\000\347\000\343\000o\000\040\000d\000o\000\040\000c\000i\000r\000c\000u\000i\000t\000o\000\040\000n\000o\000\040\000C\000a\000d\000e\000n\000c\000e}{section.2}% 10
\BOOKMARK [3][-]{subsubsection.2.6.1}{\376\377\000A\000d\000a\000p\000t\000a\000\347\000\343\000o\000\040\000d\000o\000\040\000c\000i\000r\000c\000u\000i\000t\000o\000\040\000n\000o\000\040\000C\000a\000d\000e\000n\000c\000e\000\040\000u\000s\000a\000n\000d\000o\000\040\000C\000o\000n\000d\000e\000n\000s\000a\000d\000o\000r\000e\000s\000\040\000e\000\040\000B\000o\000b\000i\000n\000a\000s}{subsection.2.6}% 11
\BOOKMARK [3][-]{subsubsection.2.6.2}{\376\377\000A\000d\000a\000p\000t\000a\000\347\000\343\000o\000\040\000d\000o\000\040\000c\000i\000r\000c\000u\000i\000t\000o\000\040\000n\000o\000\040\000C\000a\000d\000e\000n\000c\000e\000\040\000u\000s\000a\000n\000d\000o\000\040\000L\000i\000n\000h\000a\000s\000\040\000e\000\040\000S\000t\000u\000b\000s}{subsection.2.6}% 12
\BOOKMARK [2][-]{subsection.2.7}{\376\377\000C\000i\000r\000c\000u\000i\000t\000o\000\040\000c\000o\000m\000\040\000a\000j\000u\000s\000t\000e\000s\000\040\000d\000e\000\040\000g\000a\000n\000h\000o\000\040\000e\000\040\000r\000u\000\355\000d\000o}{section.2}% 13
\BOOKMARK [1][-]{section.3}{\376\377\000D\000e\000s\000e\000n\000h\000o\000\040\000d\000o\000\040\000L\000N\000A\000\040\000c\000o\000m\000\040\000t\000e\000c\000n\000o\000l\000o\000g\000i\000a\000s\000\040\000C\000M\000O\000S\000\040\040\023\000\040\000m\000o\000d\000e\000l\000o\000\040\000B\000S\000I\000M}{}% 14
\BOOKMARK [2][-]{subsection.3.1}{\376\377\000C\000M\000O\000S\000\040\000d\000e\000\040\0003\0005\0000\000n\000m}{section.3}% 15
\BOOKMARK [3][-]{subsubsection.3.1.1}{\376\377\000F\000a\000t\000o\000r\000\040\000d\000e\000\040\000e\000s\000c\000a\000l\000a\000\040\000N\000=\0001}{subsection.3.1}% 16
\BOOKMARK [3][-]{subsubsection.3.1.2}{\376\377\000F\000a\000t\000o\000r\000\040\000d\000e\000\040\000e\000s\000c\000a\000l\000a\000\040\000N\000=\0002}{subsection.3.1}% 17
\BOOKMARK [3][-]{subsubsection.3.1.3}{\376\377\000F\000a\000t\000o\000r\000\040\000d\000e\000\040\000e\000s\000c\000a\000l\000a\000\040\000N\000=\0002\000.\0007\0005}{subsection.3.1}% 18
\BOOKMARK [3][-]{subsubsection.3.1.4}{\376\377\000F\000a\000t\000o\000r\000\040\000d\000e\000\040\000e\000s\000c\000a\000l\000a\000\040\000N\000=\0003\000.\0005}{subsection.3.1}% 19
\BOOKMARK [2][-]{subsection.3.2}{\376\377\000C\000M\000O\000S\000\040\000d\000e\000\040\0006\0005\000n\000m}{section.3}% 20
\BOOKMARK [3][-]{subsubsection.3.2.1}{\376\377\000F\000a\000t\000o\000r\000\040\000d\000e\000\040\000e\000s\000c\000a\000l\000a\000\040\000N\000=\0001}{subsection.3.2}% 21
\BOOKMARK [3][-]{subsubsection.3.2.2}{\376\377\000F\000a\000t\000o\000r\000\040\000d\000e\000\040\000e\000s\000c\000a\000l\000a\000\040\000N\000=\0002}{subsection.3.2}% 22
\BOOKMARK [3][-]{subsubsection.3.2.3}{\376\377\000F\000a\000t\000o\000r\000\040\000d\000e\000\040\000e\000s\000c\000a\000l\000a\000\040\000N\000=\0002\000.\0007\0005}{subsection.3.2}% 23
\BOOKMARK [3][-]{subsubsection.3.2.4}{\376\377\000F\000a\000t\000o\000r\000\040\000d\000e\000\040\000e\000s\000c\000a\000l\000a\000\040\000N\000=\0003\000.\0005}{subsection.3.2}% 24
\BOOKMARK [2][-]{subsection.3.3}{\376\377\000C\000M\000O\000S\000\040\000d\000e\000\040\0004\0005\000n\000m}{section.3}% 25
\BOOKMARK [3][-]{subsubsection.3.3.1}{\376\377\000F\000a\000t\000o\000r\000\040\000d\000e\000\040\000e\000s\000c\000a\000l\000a\000\040\000N\000=\0001}{subsection.3.3}% 26
\BOOKMARK [3][-]{subsubsection.3.3.2}{\376\377\000F\000a\000t\000o\000r\000\040\000d\000e\000\040\000e\000s\000c\000a\000l\000a\000\040\000N\000=\0002}{subsection.3.3}% 27
\BOOKMARK [3][-]{subsubsection.3.3.3}{\376\377\000F\000a\000t\000o\000r\000\040\000d\000e\000\040\000e\000s\000c\000a\000l\000a\000\040\000N\000=\0002\000.\0007\0005}{subsection.3.3}% 28
\BOOKMARK [3][-]{subsubsection.3.3.4}{\376\377\000F\000a\000t\000o\000r\000\040\000d\000e\000\040\000e\000s\000c\000a\000l\000a\000\040\000N\000=\0003\000.\0005}{subsection.3.3}% 29
\BOOKMARK [2][-]{subsection.3.4}{\376\377\000C\000o\000m\000p\000a\000r\000a\000\347\000\343\000o\000\040\000d\000o\000s\000\040\000d\000e\000s\000e\000m\000p\000e\000n\000h\000o\000s\000\040\000d\000a\000s\000\040\000t\000e\000c\000n\000o\000l\000o\000g\000i\000a\000s\000\040\000C\000M\000O\000S}{section.3}% 30
\BOOKMARK [2][-]{subsection.3.5}{\376\377\000C\000o\000m\000p\000a\000r\000a\000\347\000\343\000o\000\040\000e\000n\000t\000r\000e\000\040\000o\000\040\000D\000e\000s\000i\000g\000n\000\040\000B\000i\000p\000o\000l\000a\000r\000\040\000\050\000B\000F\000P\0004\0002\0000\000\051\000\040\000e\000\040\000a\000s\000\040\000T\000e\000c\000n\000o\000l\000o\000g\000i\000a\000s\000\040\000C\000M\000O\000S}{section.3}% 31
\BOOKMARK [1][-]{section.4}{\376\377\000C\000o\000n\000c\000l\000u\000s\000\343\000o}{}% 32
\BOOKMARK [1][-]{section.4}{\376\377\000R\000e\000f\000e\000r\000\352\000n\000c\000i\000a\000s}{}% 33
