LTspice 24.1.10 for Windows
Circuit: C:\Users\denpo\FCT\MEEC\ElectronicsMEEC2526\erf\Lab\labFinal\devFiles\NMOS_45nm_N1.net
Start Time: Mon Jun 15 04:45:05 2026
Options: logopinfo
solver = Normal
Maximum thread count: 16
tnom = 27
temp = 27
method = trap
Direct Newton iteration for .op point succeeded.
Semiconductor Device Operating Points:
                        --- BSIM4 MOSFETS ---
Name:       M1          M2          M3          M4
Model:  nmos-bsim   nmos-bsim   nmos-bsim   nmos-bsim
Id:      8.27e-04    4.55e-03    9.63e-04    9.63e-04
Vgs:     3.76e-01    4.10e-01    3.89e-01    3.50e-01
Vds:     6.11e-01    4.72e-01    3.89e-01    6.11e-01
Vbs:    -1.24e-01    0.00e+00    0.00e+00    0.00e+00
Vth:     4.07e-01    3.95e-01    4.08e-01    3.73e-01
Vdsat:   5.33e-02    6.45e-02    5.57e-02    5.44e-02
Gm:      1.38e-02    6.38e-02    1.54e-02    1.55e-02
Gds:     2.38e-03    1.12e-02    2.70e-03    2.68e-03
Gmb      3.81e-03    1.85e-02    4.50e-03    4.52e-03
Cbd:     1.25e-14    3.63e-14    1.35e-14    1.28e-14
Cbs:     2.31e-14    6.60e-14    2.40e-14    2.40e-14


Total elapsed time: 0.237 seconds.

Files loaded:
C:\Users\denpo\FCT\MEEC\ElectronicsMEEC2526\erf\Lab\labFinal\devFiles\NMOS_45nm_N1.net
C:\Users\denpo\AppData\Local\LTspice\lib\cmp\standard.mos
C:\Users\denpo\FCT\MEEC\ElectronicsMEEC2526\erf\Lab\labFinal\devFiles\CMOS_45nm.lib

