LTspice 24.1.10 for Windows
Circuit: C:\Users\denpo\FCT\MEEC\ElectronicsMEEC2526\erf\Lab\labFinal\devFiles\NMOS_45nm.net
Start Time: Thu Jun  4 15:55:25 2026
Options: logopinfo
solver = Normal
Maximum thread count: 16
tnom = 27
temp = 27
method = trap
Direct Newton iteration for .op point succeeded.
Semiconductor Device Operating Points:
                        --- BSIM4 MOSFETS ---
Name:       M1          M2          M3          M4
Model:  nmos-bsim   nmos-bsim   nmos-bsim   nmos-bsim
Id:      1.15e-03    1.14e-02    1.05e-02    1.05e-02
Vgs:     6.48e-01    7.48e-01    9.54e-01    7.47e-01
Vds:     1.68e+00    1.47e+00    1.71e+00    7.86e-01
Vbs:    -6.02e-01    0.00e+00   -7.86e-01    0.00e+00
Vth:     6.05e-01    4.55e-01    6.45e-01    4.63e-01
Vdsat:   8.68e-02    2.20e-01    2.36e-01    2.15e-01
Gm:      1.66e-02    5.39e-02    4.82e-02    5.15e-02
Gds:     3.89e-04    1.63e-03    1.90e-03    1.29e-03
Gmb      4.14e-03    1.81e-02    1.28e-02    1.72e-02
Cbd:     1.52e-14    1.67e-14    1.49e-14    1.86e-14
Cbs:     3.08e-14    3.60e-14    2.97e-14    3.60e-14


Total elapsed time: 0.261 seconds.

Files loaded:
C:\Users\denpo\FCT\MEEC\ElectronicsMEEC2526\erf\Lab\labFinal\devFiles\NMOS_45nm.net
C:\Users\denpo\AppData\Local\LTspice\lib\cmp\standard.mos
C:\Users\denpo\FCT\MEEC\ElectronicsMEEC2526\erf\Lab\labFinal\devFiles\CMOS_45nm.lib

